Log file
**********************
Windows PowerShell transcript start
Start time: 20240412143106
Username: MIT\MITDeepanraj
RunAs User: MIT\MITDeepanraj
Configuration Name: 
Machine: LAP5CD106L37Q (Microsoft Windows NT 10.0.22621.0)
Host Application: C:\Windows\System32\WindowsPowerShell\v1.0\powershell.exe
Process ID: 29120
PSVersion: 5.1.22621.2506
PSEdition: Desktop
PSCompatibleVersions: 1.0, 2.0, 3.0, 4.0, 5.0, 5.1.22621.2506
BuildVersion: 10.0.22621.2506
CLRVersion: 4.0.30319.42000
WSManStackVersion: 3.0
PSRemotingProtocolVersion: 2.3
SerializationVersion: 1.1.0.1
**********************
Transcript started, output file is deepanraj.log
PS C:\BDD_External_Training\QA-Training> New-Item -Path C:\BDD_External_Training\QA-Training -Name ‘QA-Training’ -ItemType Directory


    Directory: C:\BDD_External_Training\QA-Training


Mode                 LastWriteTime         Length Name
----                 -------------         ------ ----
d-----        12-04-2024     14:31                QA-Training


PS C:\BDD_External_Training\QA-Training> git --version
git version 2.44.0.windows.1
PS C:\BDD_External_Training\QA-Training> git clone https://github.com/sureshnanjan/masstech-python.git
Cloning into 'masstech-python'...
remote: Enumerating objects: 38, done.
remote: Counting objects: 100% (38/38), done.
remote: Compressing objects: 100% (28/28), done.
remote: Total 38 (delta 9), reused 38 (delta 9), pack-reused 0
Receiving objects: 100% (38/38), 9.40 KiB | 1.04 MiB/s, done.
Resolving deltas: 100% (9/9), done.
PS C:\BDD_External_Training\QA-Training> cd .\QA-Training\
PS C:\BDD_External_Training\QA-Training\QA-Training> git clone https://github.com/sureshnanjan/masstech-python.git
Cloning into 'masstech-python'...
remote: Enumerating objects: 38, done.
remote: Counting objects: 100% (38/38), done.
remote: Compressing objects: 100% (28/28), done.
remote: Total 38 (delta 9), reused 38 (delta 9), pack-reused 0
Receiving objects: 100% (38/38), 9.40 KiB | 1.04 MiB/s, done.
Resolving deltas: 100% (9/9), done.
PS C:\BDD_External_Training\QA-Training\QA-Training> git status 
fatal: not a git repository (or any of the parent directories): .git
PS C:\BDD_External_Training\QA-Training\QA-Training> cd .\masstech-python\
PS C:\BDD_External_Training\QA-Training\QA-Training\masstech-python> git status 
On branch main
Your branch is up to date with 'origin/main'.

nothing to commit, working tree clean
PS C:\BDD_External_Training\QA-Training\QA-Training\masstech-python> git checkout -b deepanraj-branch
Switched to a new branch 'deepanraj-branch'
PS C:\BDD_External_Training\QA-Training\QA-Training\masstech-python> git status 
On branch deepanraj-branch
nothing to commit, working tree clean
PS C:\BDD_External_Training\QA-Training\QA-Training\masstech-python> Stop-Transcript
PS C:\BDD_External_Training\QA-Training\QA-Training\masstech-python> git add .\deepanraj.log
The following paths are ignored by one of your .gitignore files:
deepanraj.log
hint: Use -f if you really want to add them.
hint: Turn this message off by running
hint: "git config advice.addIgnoredFile false"
PS C:\BDD_External_Training\QA-Training\QA-Training\masstech-python> git add -f .\deepanraj.log
PS C:\BDD_External_Training\QA-Training\QA-Training\masstech-python> git status
On branch deepanraj-branch
Your branch is up to date with 'origin/deepanraj-branch'.

Changes to be committed:
  (use "git restore --staged <file>..." to unstage)
        new file:   deepanraj.log
PS C:\BDD_External_Training\QA-Training\QA-Training\masstech-python> git commit -m “Deepanraj adding first file to branch”
[deepanraj-branch 38fbfc6] Deepanraj adding first file to branch
 1 file changed, 67 insertions(+)
 create mode 100644 deepanraj.log
PS C:\BDD_External_Training\QA-Training\QA-Training\masstech-python> git commit
On branch deepanraj-branch
Your branch is ahead of 'origin/deepanraj-branch' by 1 commit.
  (use "git push" to publish your local commits)

Changes not staged for commit:
  (use "git add <file>..." to update what will be committed)
  (use "git restore <file>..." to discard changes in working directory)
        modified:   deepanraj.log

no changes added to commit (use "git add" and/or "git commit -a")
PS C:\BDD_External_Training\QA-Training\QA-Training\masstech-python> git push
Enumerating objects: 4, done.
Counting objects: 100% (4/4), done.
Delta compression using up to 8 threads
Compressing objects: 100% (3/3), done.
Writing objects: 100% (3/3), 1.20 KiB | 614.00 KiB/s, done.
Total 3 (delta 1), reused 0 (delta 0), pack-reused 0 (from 0)
remote: Resolving deltas: 100% (1/1), completed with 1 local object.
To https://github.com/sureshnanjan/masstech-python.git
   ad7e2c3..38fbfc6  deepanraj-branch -> deepanraj-branch
**********************
Windows PowerShell transcript end
End time: 20240412143305
**********************
